=== FINAL showcase (1920x1080) 05:37:00
WARNING: Could not set V-Sync mode, as changing V-Sync mode is not supported by the graphics driver.
WARNING: Orientation not supported by this display server.
[capture] Auto-Profil hätte gewählt: { "scale_3d": 1.0, "fps": 60, "msaa": "2x", "shadows": "hoch", "draw_distance": 1.0, "particles": 1.0, "post_fx": "hoch" }
[capture] Qualität erzwungen: preset=hoch scale_3d=1.00 msaa=2 schatten_atlas=4096 fenster=(1920, 1080)
[capture] Clip 'showcase' gestartet
[capture] Clip fertig (7.0 s)
Done recording movie at path: /workspace/trailer/captures/showcase/f.png
421 frames at 60 FPS (movie length: 00.0:00.0:07.0), recorded in 00.0:02.0:40.0 (4% of real-time speed).
ffmpeg: /exec-daemon/tmux-root/lib/libncursesw.so.6: no version information available (required by /lib/x86_64-linux-gnu/libcaca.so.0)
ffmpeg: /exec-daemon/tmux-root/lib/libncursesw.so.6: no version information available (required by /lib/x86_64-linux-gnu/libcaca.so.0)
    → /workspace/trailer/public/clips/showcase.mp4 (421 Frames, 1.1M)
=== FINAL ranch_berge (1920x1080) 05:39:57
WARNING: Could not set V-Sync mode, as changing V-Sync mode is not supported by the graphics driver.
WARNING: Orientation not supported by this display server.
[capture] Auto-Profil hätte gewählt: { "scale_3d": 1.0, "fps": 60, "msaa": "2x", "shadows": "hoch", "draw_distance": 1.0, "particles": 1.0, "post_fx": "hoch" }
[capture] Qualität erzwungen: preset=hoch scale_3d=1.00 msaa=2 schatten_atlas=4096 fenster=(1920, 1080)
[capture] Clip 'ranch_berge' gestartet
[capture] Clip fertig (13.0 s)
Done recording movie at path: /workspace/trailer/captures/ranch_berge/f.png
780 frames at 60 FPS (movie length: 00.0:00.0:13.0), recorded in 00.0:23.0:05.0 (0% of real-time speed).
WARNING: ObjectDB instances leaked at exit (run with --verbose for details).
ERROR: 4 resources still in use at exit (run with --verbose for details).
ffmpeg: /exec-daemon/tmux-root/lib/libncursesw.so.6: no version information available (required by /lib/x86_64-linux-gnu/libcaca.so.0)
ffmpeg: /exec-daemon/tmux-root/lib/libncursesw.so.6: no version information available (required by /lib/x86_64-linux-gnu/libcaca.so.0)
    → /workspace/trailer/public/clips/ranch_berge.mp4 (780 Frames, 47M)
=== FINAL ranch_zonen (1920x1080) 06:05:09
WARNING: Could not set V-Sync mode, as changing V-Sync mode is not supported by the graphics driver.
WARNING: Orientation not supported by this display server.
[capture] Auto-Profil hätte gewählt: { "scale_3d": 1.0, "fps": 60, "msaa": "2x", "shadows": "hoch", "draw_distance": 1.0, "particles": 1.0, "post_fx": "hoch" }
[capture] Qualität erzwungen: preset=hoch scale_3d=1.00 msaa=2 schatten_atlas=4096 fenster=(1920, 1080)
[capture] Clip 'ranch_zonen' gestartet
[capture] Clip fertig (18.4 s)
Done recording movie at path: /workspace/trailer/captures/ranch_zonen/f.png
1104 frames at 60 FPS (movie length: 00.0:00.0:18.0), recorded in 00.0:26.0:02.0 (1% of real-time speed).
WARNING: ObjectDB instances leaked at exit (run with --verbose for details).
ERROR: 2 resources still in use at exit (run with --verbose for details).
ffmpeg: /exec-daemon/tmux-root/lib/libncursesw.so.6: no version information available (required by /lib/x86_64-linux-gnu/libcaca.so.0)
ffmpeg: /exec-daemon/tmux-root/lib/libncursesw.so.6: no version information available (required by /lib/x86_64-linux-gnu/libcaca.so.0)
    → /workspace/trailer/public/clips/ranch_zonen.mp4 (1104 Frames, 63M)
=== FINAL home_style (1920x1080) 06:33:58
WARNING: Could not set V-Sync mode, as changing V-Sync mode is not supported by the graphics driver.
WARNING: Orientation not supported by this display server.
[capture] Auto-Profil hätte gewählt: { "scale_3d": 1.0, "fps": 60, "msaa": "2x", "shadows": "hoch", "draw_distance": 1.0, "particles": 1.0, "post_fx": "hoch" }
[capture] Qualität erzwungen: preset=hoch scale_3d=1.00 msaa=2 schatten_atlas=4096 fenster=(1920, 1080)
[capture] Clip 'home_style' gestartet
[capture] Clip fertig (8.0 s)
Done recording movie at path: /workspace/trailer/captures/home_style/f.png
481 frames at 60 FPS (movie length: 00.0:00.0:08.0), recorded in 00.0:03.0:27.0 (3% of real-time speed).
ffmpeg: /exec-daemon/tmux-root/lib/libncursesw.so.6: no version information available (required by /lib/x86_64-linux-gnu/libcaca.so.0)
ffmpeg: /exec-daemon/tmux-root/lib/libncursesw.so.6: no version information available (required by /lib/x86_64-linux-gnu/libcaca.so.0)
    → /workspace/trailer/public/clips/home_style.mp4 (481 Frames, 1.5M)
=== FINAL ranch_mp (1920x1080) 06:37:47
WARNING: Could not set V-Sync mode, as changing V-Sync mode is not supported by the graphics driver.
WARNING: Orientation not supported by this display server.
[capture] Auto-Profil hätte gewählt: { "scale_3d": 1.0, "fps": 60, "msaa": "2x", "shadows": "hoch", "draw_distance": 1.0, "particles": 1.0, "post_fx": "hoch" }
[capture] Qualität erzwungen: preset=hoch scale_3d=1.00 msaa=2 schatten_atlas=4096 fenster=(1920, 1080)
[capture] Clip 'ranch_mp' gestartet
[capture] Clip fertig (11.0 s)
Done recording movie at path: /workspace/trailer/captures/ranch_mp/f.png
660 frames at 60 FPS (movie length: 00.0:00.0:11.0), recorded in 00.0:15.0:21.0 (1% of real-time speed).
WARNING: ObjectDB instances leaked at exit (run with --verbose for details).
ERROR: 2 resources still in use at exit (run with --verbose for details).
ffmpeg: /exec-daemon/tmux-root/lib/libncursesw.so.6: no version information available (required by /lib/x86_64-linux-gnu/libcaca.so.0)
ffmpeg: /exec-daemon/tmux-root/lib/libncursesw.so.6: no version information available (required by /lib/x86_64-linux-gnu/libcaca.so.0)
    → /workspace/trailer/public/clips/ranch_mp.mp4 (660 Frames, 30M)
=== FINAL ranch_fahrt (1920x1080) 06:54:43
WARNING: Could not set V-Sync mode, as changing V-Sync mode is not supported by the graphics driver.
WARNING: Orientation not supported by this display server.
[capture] Auto-Profil hätte gewählt: { "scale_3d": 1.0, "fps": 60, "msaa": "2x", "shadows": "hoch", "draw_distance": 1.0, "particles": 1.0, "post_fx": "hoch" }
[capture] Qualität erzwungen: preset=hoch scale_3d=1.00 msaa=2 schatten_atlas=4096 fenster=(1920, 1080)
[capture] Clip 'ranch_fahrt' gestartet
[capture] Clip fertig (12.0 s)
Done recording movie at path: /workspace/trailer/captures/ranch_fahrt/f.png
720 frames at 60 FPS (movie length: 00.0:00.0:12.0), recorded in 00.0:10.0:19.0 (1% of real-time speed).
ffmpeg: /exec-daemon/tmux-root/lib/libncursesw.so.6: no version information available (required by /lib/x86_64-linux-gnu/libcaca.so.0)
ffmpeg: /exec-daemon/tmux-root/lib/libncursesw.so.6: no version information available (required by /lib/x86_64-linux-gnu/libcaca.so.0)
    → /workspace/trailer/public/clips/ranch_fahrt.mp4 (720 Frames, 12M)
=== FINAL home_room (1920x1080) 07:05:55
